Logging to results/logs/run_all_tc_20260615_183447.log
torch 2.12.0+cu130 | device: NVIDIA GeForce RTX 3090
Config: N_SEEDS=5 N_BOOT=2000 N_SAMPLES=128 BW_SCALE=3.0 EPOCHS_POOLED=11000 VAR_SCALE_MODE=auto VAR_SCALE=4

===== [1/5] verify data cache =====
Cache OK — all 7 risk-factor parquets present in /workspace/options-diffusion/cache.

===== [2/5] cross-seed experiment (tc_diff solo_nw t_copula) =====
Device: cuda
Tickers: ['MU', 'PLTR', 'HOOD', 'MSFT', 'GOOG', 'AMZN', 'META']
X_train: (5537, 8), X_test: (1400, 8)
Split: 2025-07-22 -> gap end 2025-08-01

Seeds: [0, 1, 2, 3, 4]
Methods: ['tc_diff', 'solo_nw', 't_copula']
Epochs: solo=6000, pooled=11000
Out dir: /workspace/options-diffusion/results/experiment

  [seed 0] training pooled ticker-conditioned diffusion...
  epoch   500/11000  loss=0.313812  lr=3.98e-04  4.2 ep/s  ETA 41.8 min
  epoch  1000/11000  loss=0.265479  lr=3.92e-04  4.2 ep/s  ETA 39.9 min
  epoch  1500/11000  loss=0.234317  lr=3.82e-04  4.2 ep/s  ETA 37.9 min
  epoch  2000/11000  loss=0.207147  lr=3.69e-04  4.2 ep/s  ETA 35.9 min
  epoch  2500/11000  loss=0.181633  lr=3.52e-04  4.2 ep/s  ETA 33.9 min
  epoch  3000/11000  loss=0.171596  lr=3.33e-04  4.2 ep/s  ETA 31.9 min
  epoch  3500/11000  loss=0.162613  lr=3.10e-04  4.2 ep/s  ETA 29.9 min
  epoch  4000/11000  loss=0.153235  lr=2.86e-04  4.2 ep/s  ETA 28.0 min
  epoch  4500/11000  loss=0.150620  lr=2.60e-04  4.2 ep/s  ETA 26.0 min
  epoch  5000/11000  loss=0.140868  lr=2.33e-04  4.2 ep/s  ETA 24.0 min
  epoch  5500/11000  loss=0.141103  lr=2.05e-04  4.2 ep/s  ETA 21.9 min
  epoch  6000/11000  loss=0.129823  lr=1.77e-04  4.2 ep/s  ETA 20.0 min
  epoch  6500/11000  loss=0.129099  lr=1.50e-04  4.2 ep/s  ETA 18.0 min
  epoch  7000/11000  loss=0.127583  lr=1.24e-04  4.2 ep/s  ETA 16.0 min
  epoch  7500/11000  loss=0.128754  lr=9.96e-05  4.2 ep/s  ETA 14.0 min
  epoch  8000/11000  loss=0.128523  lr=7.73e-05  4.2 ep/s  ETA 12.0 min
  epoch  8500/11000  loss=0.121794  lr=5.76e-05  4.2 ep/s  ETA 10.0 min
  epoch  9000/11000  loss=0.123233  lr=4.10e-05  4.2 ep/s  ETA 8.0 min
  epoch  9500/11000  loss=0.119295  lr=2.76e-05  4.2 ep/s  ETA 6.0 min
  epoch 10000/11000  loss=0.119311  lr=1.79e-05  4.2 ep/s  ETA 4.0 min
  epoch 10500/11000  loss=0.123270  lr=1.20e-05  4.2 ep/s  ETA 2.0 min
  epoch 11000/11000  loss=0.122000  lr=1.00e-05  4.2 ep/s  ETA 0.0 min
  [seed 0] pooled done in 43.9 min
  [seed 0] ticker 1/7: MU
  [seed 0] ticker 2/7: PLTR
  [seed 0] ticker 3/7: HOOD
  [seed 0] ticker 4/7: MSFT
  [seed 0] ticker 5/7: GOOG
  [seed 0] ticker 6/7: AMZN
  [seed 0] ticker 7/7: META
  [seed 0] complete in 44.0 min
  [seed 1] training pooled ticker-conditioned diffusion...
  epoch   500/11000  loss=0.317415  lr=3.98e-04  4.2 ep/s  ETA 41.9 min
  epoch  1000/11000  loss=0.274178  lr=3.92e-04  4.7 ep/s  ETA 35.8 min
  epoch  1500/11000  loss=0.232367  lr=3.82e-04  4.5 ep/s  ETA 35.1 min
  epoch  2000/11000  loss=0.200100  lr=3.69e-04  4.4 ep/s  ETA 33.9 min
  epoch  2500/11000  loss=0.182445  lr=3.52e-04  4.4 ep/s  ETA 32.4 min
  epoch  3000/11000  loss=0.170632  lr=3.33e-04  4.3 ep/s  ETA 30.7 min
  epoch  3500/11000  loss=0.159252  lr=3.10e-04  4.3 ep/s  ETA 29.0 min
  epoch  4000/11000  loss=0.150081  lr=2.86e-04  4.3 ep/s  ETA 27.2 min
  epoch  4500/11000  loss=0.148604  lr=2.60e-04  4.3 ep/s  ETA 25.3 min
  epoch  5000/11000  loss=0.146932  lr=2.33e-04  4.3 ep/s  ETA 23.5 min
  epoch  5500/11000  loss=0.140807  lr=2.05e-04  4.3 ep/s  ETA 21.3 min
  epoch  6000/11000  loss=0.136007  lr=1.77e-04  4.3 ep/s  ETA 19.4 min
  epoch  6500/11000  loss=0.129816  lr=1.50e-04  4.3 ep/s  ETA 17.5 min
  epoch  7000/11000  loss=0.129340  lr=1.24e-04  4.3 ep/s  ETA 15.6 min
  epoch  7500/11000  loss=0.127262  lr=9.96e-05  4.3 ep/s  ETA 13.7 min
  epoch  8000/11000  loss=0.127469  lr=7.73e-05  4.3 ep/s  ETA 11.7 min
  epoch  8500/11000  loss=0.118797  lr=5.76e-05  4.3 ep/s  ETA 9.8 min
  epoch  9000/11000  loss=0.122049  lr=4.10e-05  4.2 ep/s  ETA 7.8 min
  epoch  9500/11000  loss=0.124179  lr=2.76e-05  4.2 ep/s  ETA 5.9 min
  epoch 10000/11000  loss=0.122000  lr=1.79e-05  4.2 ep/s  ETA 3.9 min
  epoch 10500/11000  loss=0.114787  lr=1.20e-05  4.2 ep/s  ETA 2.0 min
  epoch 11000/11000  loss=0.112741  lr=1.00e-05  4.2 ep/s  ETA 0.0 min
  [seed 1] pooled done in 43.3 min
  [seed 1] ticker 1/7: MU
  [seed 1] ticker 2/7: PLTR
  [seed 1] ticker 3/7: HOOD
  [seed 1] ticker 4/7: MSFT
  [seed 1] ticker 5/7: GOOG
  [seed 1] ticker 6/7: AMZN
  [seed 1] ticker 7/7: META
  [seed 1] complete in 43.5 min
  [seed 2] training pooled ticker-conditioned diffusion...
  epoch   500/11000  loss=0.314731  lr=3.98e-04  4.2 ep/s  ETA 41.8 min
  epoch  1000/11000  loss=0.278893  lr=3.92e-04  4.2 ep/s  ETA 39.8 min
  epoch  1500/11000  loss=0.238238  lr=3.82e-04  4.2 ep/s  ETA 37.9 min
  epoch  2000/11000  loss=0.202147  lr=3.69e-04  4.2 ep/s  ETA 36.0 min
  epoch  2500/11000  loss=0.186747  lr=3.52e-04  4.2 ep/s  ETA 34.0 min
  epoch  3000/11000  loss=0.172896  lr=3.33e-04  4.2 ep/s  ETA 32.0 min
  epoch  3500/11000  loss=0.157113  lr=3.10e-04  4.2 ep/s  ETA 30.0 min
  epoch  4000/11000  loss=0.151629  lr=2.86e-04  4.2 ep/s  ETA 27.9 min
  epoch  4500/11000  loss=0.143890  lr=2.60e-04  4.2 ep/s  ETA 25.9 min
  epoch  5000/11000  loss=0.139047  lr=2.33e-04  4.2 ep/s  ETA 24.0 min
  epoch  5500/11000  loss=0.137498  lr=2.05e-04  4.2 ep/s  ETA 22.0 min
  epoch  6000/11000  loss=0.131600  lr=1.77e-04  4.2 ep/s  ETA 19.9 min
  epoch  6500/11000  loss=0.130274  lr=1.50e-04  4.2 ep/s  ETA 17.9 min
  epoch  7000/11000  loss=0.131734  lr=1.24e-04  4.2 ep/s  ETA 15.9 min
  epoch  7500/11000  loss=0.125076  lr=9.96e-05  4.2 ep/s  ETA 13.9 min
  epoch  8000/11000  loss=0.127222  lr=7.73e-05  4.2 ep/s  ETA 12.0 min
  epoch  8500/11000  loss=0.121728  lr=5.76e-05  4.2 ep/s  ETA 10.0 min
  epoch  9000/11000  loss=0.122940  lr=4.10e-05  4.2 ep/s  ETA 8.0 min
  epoch  9500/11000  loss=0.123009  lr=2.76e-05  4.2 ep/s  ETA 6.0 min
  epoch 10000/11000  loss=0.120816  lr=1.79e-05  4.2 ep/s  ETA 4.0 min
  epoch 10500/11000  loss=0.119860  lr=1.20e-05  4.2 ep/s  ETA 2.0 min
  epoch 11000/11000  loss=0.118128  lr=1.00e-05  4.2 ep/s  ETA 0.0 min
  [seed 2] pooled done in 43.9 min
  [seed 2] ticker 1/7: MU
  [seed 2] ticker 2/7: PLTR
  [seed 2] ticker 3/7: HOOD
  [seed 2] ticker 4/7: MSFT
  [seed 2] ticker 5/7: GOOG
  [seed 2] ticker 6/7: AMZN
  [seed 2] ticker 7/7: META
  [seed 2] complete in 44.0 min
  [seed 3] training pooled ticker-conditioned diffusion...
  epoch   500/11000  loss=0.316032  lr=3.98e-04  4.2 ep/s  ETA 42.1 min
  epoch  1000/11000  loss=0.265191  lr=3.92e-04  4.2 ep/s  ETA 40.0 min
  epoch  1500/11000  loss=0.226854  lr=3.82e-04  4.2 ep/s  ETA 38.0 min
  epoch  2000/11000  loss=0.201213  lr=3.69e-04  4.2 ep/s  ETA 36.1 min
  epoch  2500/11000  loss=0.186540  lr=3.52e-04  4.2 ep/s  ETA 34.0 min
  epoch  3000/11000  loss=0.166212  lr=3.33e-04  4.2 ep/s  ETA 32.0 min
  epoch  3500/11000  loss=0.162217  lr=3.10e-04  4.2 ep/s  ETA 30.0 min
  epoch  4000/11000  loss=0.149865  lr=2.86e-04  4.2 ep/s  ETA 28.0 min
  epoch  4500/11000  loss=0.145779  lr=2.60e-04  4.2 ep/s  ETA 26.0 min
  epoch  5000/11000  loss=0.143480  lr=2.33e-04  4.2 ep/s  ETA 24.0 min
  epoch  5500/11000  loss=0.141635  lr=2.05e-04  4.2 ep/s  ETA 22.0 min
  epoch  6000/11000  loss=0.136180  lr=1.77e-04  4.2 ep/s  ETA 20.0 min
  epoch  6500/11000  loss=0.124636  lr=1.50e-04  4.2 ep/s  ETA 18.0 min
  epoch  7000/11000  loss=0.125950  lr=1.24e-04  4.2 ep/s  ETA 16.0 min
  epoch  7500/11000  loss=0.120568  lr=9.96e-05  4.2 ep/s  ETA 14.0 min
  epoch  8000/11000  loss=0.127951  lr=7.73e-05  4.2 ep/s  ETA 12.0 min
  epoch  8500/11000  loss=0.123499  lr=5.76e-05  4.2 ep/s  ETA 10.0 min
  epoch  9000/11000  loss=0.126740  lr=4.10e-05  4.2 ep/s  ETA 8.0 min
  epoch  9500/11000  loss=0.123566  lr=2.76e-05  4.2 ep/s  ETA 6.0 min
  epoch 10000/11000  loss=0.122013  lr=1.79e-05  4.2 ep/s  ETA 4.0 min
  epoch 10500/11000  loss=0.118242  lr=1.20e-05  4.2 ep/s  ETA 2.0 min
  epoch 11000/11000  loss=0.114967  lr=1.00e-05  4.2 ep/s  ETA 0.0 min
  [seed 3] pooled done in 43.9 min
  [seed 3] ticker 1/7: MU
  [seed 3] ticker 2/7: PLTR
  [seed 3] ticker 3/7: HOOD
  [seed 3] ticker 4/7: MSFT
  [seed 3] ticker 5/7: GOOG
  [seed 3] ticker 6/7: AMZN
  [seed 3] ticker 7/7: META
  [seed 3] complete in 44.1 min
  [seed 4] training pooled ticker-conditioned diffusion...
  epoch   500/11000  loss=0.309250  lr=3.98e-04  4.1 ep/s  ETA 42.2 min
  epoch  1000/11000  loss=0.271484  lr=3.92e-04  4.2 ep/s  ETA 40.1 min
  epoch  1500/11000  loss=0.234067  lr=3.82e-04  4.2 ep/s  ETA 38.0 min
  epoch  2000/11000  loss=0.198501  lr=3.69e-04  4.2 ep/s  ETA 36.0 min
  epoch  2500/11000  loss=0.181924  lr=3.52e-04  4.2 ep/s  ETA 33.9 min
  epoch  3000/11000  loss=0.174668  lr=3.33e-04  4.2 ep/s  ETA 31.9 min
  epoch  3500/11000  loss=0.154913  lr=3.10e-04  4.2 ep/s  ETA 30.0 min
  epoch  4000/11000  loss=0.151854  lr=2.86e-04  4.2 ep/s  ETA 28.0 min
  epoch  4500/11000  loss=0.145106  lr=2.60e-04  4.2 ep/s  ETA 26.0 min
  epoch  5000/11000  loss=0.137962  lr=2.33e-04  4.2 ep/s  ETA 24.0 min
  epoch  5500/11000  loss=0.136621  lr=2.05e-04  4.2 ep/s  ETA 22.0 min
  epoch  6000/11000  loss=0.133712  lr=1.77e-04  4.2 ep/s  ETA 20.0 min
  epoch  6500/11000  loss=0.128767  lr=1.50e-04  4.2 ep/s  ETA 17.7 min
  epoch  7000/11000  loss=0.122474  lr=1.24e-04  4.2 ep/s  ETA 15.8 min
  epoch  7500/11000  loss=0.125965  lr=9.96e-05  4.2 ep/s  ETA 13.8 min
  epoch  8000/11000  loss=0.123259  lr=7.73e-05  4.2 ep/s  ETA 11.8 min
  epoch  8500/11000  loss=0.126128  lr=5.76e-05  4.2 ep/s  ETA 9.9 min
  epoch  9000/11000  loss=0.113792  lr=4.10e-05  4.2 ep/s  ETA 7.9 min
  epoch  9500/11000  loss=0.114484  lr=2.76e-05  4.2 ep/s  ETA 5.9 min
  epoch 10000/11000  loss=0.119826  lr=1.79e-05  4.2 ep/s  ETA 4.0 min
  epoch 10500/11000  loss=0.118963  lr=1.20e-05  4.2 ep/s  ETA 2.0 min
  epoch 11000/11000  loss=0.118606  lr=1.00e-05  4.2 ep/s  ETA 0.0 min
  [seed 4] pooled done in 43.5 min
  [seed 4] ticker 1/7: MU
  [seed 4] ticker 2/7: PLTR
  [seed 4] ticker 3/7: HOOD
  [seed 4] ticker 4/7: MSFT
  [seed 4] ticker 5/7: GOOG
  [seed 4] ticker 6/7: AMZN
  [seed 4] ticker 7/7: META
  [seed 4] complete in 43.7 min

================================================================================
PER-TICKER SUMMARY (mean +/- std across seeds)
================================================================================
ticker   method   metric      mean      std  count
  AMZN  solo_nw CorrDist  0.859220 0.046054      5
  AMZN  solo_nw   Energy  0.019909 0.002061      5
  AMZN  solo_nw  Frechet  0.256583 0.011604      5
  AMZN  solo_nw   KS_max  0.120000 0.003536      5
  AMZN  solo_nw     MMD2 -0.001955 0.000439      5
  AMZN  solo_nw      SWD  0.089092 0.003326      5
  AMZN t_copula CorrDist  0.767401 0.033400      5
  AMZN t_copula   Energy  0.018933 0.001429      5
  AMZN t_copula  Frechet  0.135058 0.007794      5
  AMZN t_copula   KS_max  0.120000 0.007906      5
  AMZN t_copula     MMD2 -0.002156 0.000368      5
  AMZN t_copula      SWD  0.087488 0.002499      5
  AMZN  tc_diff CorrDist  0.901734 0.334520      5
  AMZN  tc_diff   Energy  0.032971 0.003706      5
  AMZN  tc_diff  Frechet  0.279721 0.165853      5
  AMZN  tc_diff   KS_max  0.119000 0.009618      5
  AMZN  tc_diff     MMD2  0.001579 0.001289      5
  AMZN  tc_diff      SWD  0.113949 0.008877      5
  GOOG  solo_nw CorrDist  0.894008 0.049974      5
  GOOG  solo_nw   Energy  0.030842 0.001455      5
  GOOG  solo_nw  Frechet  0.366243 0.028607      5
  GOOG  solo_nw   KS_max  0.119000 0.008216      5
  GOOG  solo_nw     MMD2 -0.000283 0.000378      5
  GOOG  solo_nw      SWD  0.111254 0.003833      5
  GOOG t_copula CorrDist  0.804552 0.025774      5
  GOOG t_copula   Energy  0.031917 0.001219      5
  GOOG t_copula  Frechet  0.249660 0.023083      5
  GOOG t_copula   KS_max  0.113000 0.006708      5
  GOOG t_copula     MMD2  0.000240 0.000248      5
  GOOG t_copula      SWD  0.111815 0.002754      5
  GOOG  tc_diff CorrDist  0.764560 0.132066      5
  GOOG  tc_diff   Energy  0.035432 0.007296      5
  GOOG  tc_diff  Frechet  0.150747 0.048698      5
  GOOG  tc_diff   KS_max  0.134000 0.029875      5
  GOOG  tc_diff     MMD2  0.002635 0.002123      5
  GOOG  tc_diff      SWD  0.111355 0.009305      5
  HOOD  solo_nw CorrDist  1.039413 0.021118      5
  HOOD  solo_nw   Energy  0.038878 0.002118      5
  HOOD  solo_nw  Frechet  0.440581 0.018417      5
  HOOD  solo_nw   KS_max  0.145000 0.007906      5
  HOOD  solo_nw     MMD2  0.003129 0.000450      5
  HOOD  solo_nw      SWD  0.128300 0.002743      5
  HOOD t_copula CorrDist  1.108916 0.070560      5
  HOOD t_copula   Energy  0.040685 0.002053      5
  HOOD t_copula  Frechet  0.441577 0.029241      5
  HOOD t_copula   KS_max  0.145000 0.006124      5
  HOOD t_copula     MMD2  0.003867 0.000642      5
  HOOD t_copula      SWD  0.131432 0.003601      5
  HOOD  tc_diff CorrDist  0.821989 0.215555      5
  HOOD  tc_diff   Energy  0.029465 0.002542      5
  HOOD  tc_diff  Frechet  0.159086 0.071723      5
  HOOD  tc_diff   KS_max  0.140000 0.025495      5
  HOOD  tc_diff     MMD2  0.002092 0.000818      5
  HOOD  tc_diff      SWD  0.094584 0.005325      5
  META  solo_nw CorrDist  0.794895 0.016450      5
  META  solo_nw   Energy  0.044980 0.002080      5
  META  solo_nw  Frechet  0.432954 0.007833      5
  META  solo_nw   KS_max  0.144000 0.005477      5
  META  solo_nw     MMD2  0.002794 0.000367      5
  META  solo_nw      SWD  0.137407 0.002478      5
  META t_copula CorrDist  0.836021 0.033018      5
  META t_copula   Energy  0.044299 0.001511      5
  META t_copula  Frechet  0.331358 0.016561      5
  META t_copula   KS_max  0.160000 0.010000      5
  META t_copula     MMD2  0.002842 0.000296      5
  META t_copula      SWD  0.138224 0.002385      5
  META  tc_diff CorrDist  0.649552 0.150185      5
  META  tc_diff   Energy  0.043743 0.013828      5
  META  tc_diff  Frechet  0.247100 0.102727      5
  META  tc_diff   KS_max  0.128000 0.010368      5
  META  tc_diff     MMD2  0.004459 0.004032      5
  META  tc_diff      SWD  0.131386 0.019830      5
  MSFT  solo_nw CorrDist  0.930612 0.053527      5
  MSFT  solo_nw   Energy  0.031246 0.001560      5
  MSFT  solo_nw  Frechet  0.353031 0.031881      5
  MSFT  solo_nw   KS_max  0.115000 0.003536      5
  MSFT  solo_nw     MMD2 -0.000081 0.000252      5
  MSFT  solo_nw      SWD  0.115822 0.003998      5
  MSFT t_copula CorrDist  0.898701 0.094337      5
  MSFT t_copula   Energy  0.028609 0.002439      5
  MSFT t_copula  Frechet  0.243799 0.028760      5
  MSFT t_copula   KS_max  0.105000 0.008660      5
  MSFT t_copula     MMD2 -0.000465 0.000338      5
  MSFT t_copula      SWD  0.113039 0.004536      5
  MSFT  tc_diff CorrDist  0.609780 0.162537      5
  MSFT  tc_diff   Energy  0.029887 0.010763      5
  MSFT  tc_diff  Frechet  0.141776 0.046716      5
  MSFT  tc_diff   KS_max  0.120000 0.023452      5
  MSFT  tc_diff     MMD2  0.000790 0.002857      5
  MSFT  tc_diff      SWD  0.099646 0.014010      5
    MU  solo_nw CorrDist  1.133203 0.058602      5
    MU  solo_nw   Energy  0.054789 0.003707      5
    MU  solo_nw  Frechet  0.409800 0.012210      5
    MU  solo_nw   KS_max  0.164000 0.012450      5
    MU  solo_nw     MMD2  0.005955 0.000569      5
    MU  solo_nw      SWD  0.131459 0.004057      5
    MU t_copula CorrDist  0.959593 0.074611      5
    MU t_copula   Energy  0.058545 0.004207      5
    MU t_copula  Frechet  0.309269 0.029434      5
    MU t_copula   KS_max  0.162000 0.005701      5
    MU t_copula     MMD2  0.006705 0.001150      5
    MU t_copula      SWD  0.136686 0.003914      5
    MU  tc_diff CorrDist  0.855704 0.192461      5
    MU  tc_diff   Energy  0.063814 0.024394      5
    MU  tc_diff  Frechet  0.266218 0.070340      5
    MU  tc_diff   KS_max  0.183000 0.021966      5
    MU  tc_diff     MMD2  0.008122 0.005542      5
    MU  tc_diff      SWD  0.136674 0.023737      5
  PLTR  solo_nw CorrDist  1.061729 0.041951      5
  PLTR  solo_nw   Energy  0.041717 0.002003      5
  PLTR  solo_nw  Frechet  0.301829 0.018148      5
  PLTR  solo_nw   KS_max  0.173000 0.007583      5
  PLTR  solo_nw     MMD2  0.003132 0.000405      5
  PLTR  solo_nw      SWD  0.125855 0.002312      5
  PLTR t_copula CorrDist  1.120023 0.026381      5
  PLTR t_copula   Energy  0.041717 0.002043      5
  PLTR t_copula  Frechet  0.294789 0.031489      5
  PLTR t_copula   KS_max  0.170000 0.007071      5
  PLTR t_copula     MMD2  0.003150 0.000408      5
  PLTR t_copula      SWD  0.127059 0.004041      5
  PLTR  tc_diff CorrDist  0.791920 0.202539      5
  PLTR  tc_diff   Energy  0.039616 0.008719      5
  PLTR  tc_diff  Frechet  0.245995 0.038346      5
  PLTR  tc_diff   KS_max  0.117000 0.021389      5
  PLTR  tc_diff     MMD2  0.003313 0.002036      5
  PLTR  tc_diff      SWD  0.119774 0.011674      5

================================================================================
POOLED SUMMARY (mean +/- std across seeds x tickers)
================================================================================
  method   metric     mean      std  count
 solo_nw CorrDist 0.959011 0.121266     35
 solo_nw   Energy 0.037480 0.010817     35
 solo_nw  Frechet 0.365860 0.066973     35
 solo_nw   KS_max 0.140000 0.022655     35
 solo_nw     MMD2 0.001813 0.002565     35
 solo_nw      SWD 0.119884 0.015570     35
t_copula CorrDist 0.927887 0.143158     35
t_copula   Energy 0.037815 0.012137     35
t_copula  Frechet 0.286502 0.090983     35
t_copula   KS_max 0.139286 0.025672     35
t_copula     MMD2 0.002026 0.002868     35
t_copula      SWD 0.120820 0.017264     35
 tc_diff CorrDist 0.770748 0.213639     35
 tc_diff   Energy 0.039275 0.015822     35
 tc_diff  Frechet 0.212949 0.097567     35
 tc_diff   KS_max 0.134429 0.029124     35
 tc_diff     MMD2 0.003284 0.003611     35
 tc_diff      SWD 0.115338 0.019605     35

===== [3/5] paired bootstrap (n_boot=2000) =====
Device: cuda

Training TC-Diffusion (train-seed=0, epochs=11000)...
  epoch   500/11000  loss=0.313812  lr=3.98e-04  4.2 ep/s  ETA 41.6 min
  epoch  1000/11000  loss=0.265479  lr=3.92e-04  4.2 ep/s  ETA 39.7 min
  epoch  1500/11000  loss=0.234317  lr=3.82e-04  4.2 ep/s  ETA 37.6 min
  epoch  2000/11000  loss=0.207147  lr=3.69e-04  4.2 ep/s  ETA 35.6 min
  epoch  2500/11000  loss=0.181633  lr=3.52e-04  4.2 ep/s  ETA 33.7 min
  epoch  3000/11000  loss=0.171596  lr=3.33e-04  4.2 ep/s  ETA 31.7 min
  epoch  3500/11000  loss=0.162613  lr=3.10e-04  4.2 ep/s  ETA 29.7 min
  epoch  4000/11000  loss=0.153235  lr=2.86e-04  4.2 ep/s  ETA 27.8 min
  epoch  4500/11000  loss=0.150620  lr=2.60e-04  4.2 ep/s  ETA 25.8 min
  epoch  5000/11000  loss=0.140868  lr=2.33e-04  4.2 ep/s  ETA 23.8 min
  epoch  5500/11000  loss=0.141103  lr=2.05e-04  4.2 ep/s  ETA 21.8 min
  epoch  6000/11000  loss=0.129823  lr=1.77e-04  4.2 ep/s  ETA 19.8 min
  epoch  6500/11000  loss=0.129099  lr=1.50e-04  4.2 ep/s  ETA 17.8 min
  epoch  7000/11000  loss=0.127583  lr=1.24e-04  4.2 ep/s  ETA 15.8 min
  epoch  7500/11000  loss=0.128754  lr=9.96e-05  4.2 ep/s  ETA 13.8 min
  epoch  8000/11000  loss=0.128523  lr=7.73e-05  4.2 ep/s  ETA 11.9 min
  epoch  8500/11000  loss=0.121794  lr=5.76e-05  4.2 ep/s  ETA 9.9 min
  epoch  9000/11000  loss=0.123233  lr=4.10e-05  4.2 ep/s  ETA 7.9 min
  epoch  9500/11000  loss=0.119295  lr=2.76e-05  4.2 ep/s  ETA 5.9 min
  epoch 10000/11000  loss=0.119311  lr=1.79e-05  4.2 ep/s  ETA 4.0 min
  epoch 10500/11000  loss=0.123270  lr=1.20e-05  4.2 ep/s  ETA 2.0 min
  epoch 11000/11000  loss=0.122000  lr=1.00e-05  4.2 ep/s  ETA 0.0 min
Pre-generating cached test samples for bootstrap ...
  MU: cached 200 samples x 3 methods
  PLTR: cached 200 samples x 3 methods
  HOOD: cached 200 samples x 3 methods
  MSFT: cached 200 samples x 3 methods
  GOOG: cached 200 samples x 3 methods
  AMZN: cached 200 samples x 3 methods
  META: cached 200 samples x 3 methods
MU: bootstrapping 2000 resamples of size 200 ...
  done in 2.9 min
PLTR: bootstrapping 2000 resamples of size 200 ...
  done in 2.9 min
HOOD: bootstrapping 2000 resamples of size 200 ...
  done in 2.9 min
MSFT: bootstrapping 2000 resamples of size 200 ...
  done in 2.9 min
GOOG: bootstrapping 2000 resamples of size 200 ...
  done in 2.9 min
AMZN: bootstrapping 2000 resamples of size 200 ...
  done in 2.9 min
META: bootstrapping 2000 resamples of size 200 ...
  done in 2.9 min

================================================================================
PAIRED BOOTSTRAP SUMMARY (negative diff = TC-Diff better)
================================================================================
ticker         comparison   metric      mean      std  win_rate  n_boot
    MU       TC-Diff - NW      SWD  0.003359 0.022908    0.4250    2000
    MU       TC-Diff - NW     MMD2  0.004005 0.006003    0.2450    2000
    MU       TC-Diff - NW  Frechet -0.134511 0.160082    0.8175    2000
    MU       TC-Diff - NW   Energy  0.011754 0.026784    0.3125    2000
    MU       TC-Diff - NW CorrDist -0.231375 0.268603    0.8100    2000
    MU TC-Diff - t-Copula      SWD -0.002249 0.023674    0.5305    2000
    MU TC-Diff - t-Copula     MMD2  0.002598 0.006286    0.3255    2000
    MU TC-Diff - t-Copula  Frechet -0.017592 0.149592    0.5325    2000
    MU TC-Diff - t-Copula   Energy  0.007160 0.027896    0.3850    2000
    MU TC-Diff - t-Copula CorrDist -0.068743 0.261350    0.6090    2000
  PLTR       TC-Diff - NW      SWD -0.018812 0.015891    0.8840    2000
  PLTR       TC-Diff - NW     MMD2 -0.002330 0.003012    0.7830    2000
  PLTR       TC-Diff - NW  Frechet -0.043156 0.152729    0.6320    2000
  PLTR       TC-Diff - NW   Energy -0.015458 0.013621    0.8870    2000
  PLTR       TC-Diff - NW CorrDist -0.220771 0.294764    0.7730    2000
  PLTR TC-Diff - t-Copula      SWD -0.018921 0.015631    0.8890    2000
  PLTR TC-Diff - t-Copula     MMD2 -0.002699 0.003001    0.8230    2000
  PLTR TC-Diff - t-Copula  Frechet -0.046782 0.144684    0.6380    2000
  PLTR TC-Diff - t-Copula   Energy -0.015165 0.013309    0.8850    2000
  PLTR TC-Diff - t-Copula CorrDist -0.337993 0.294646    0.8670    2000
  HOOD       TC-Diff - NW      SWD -0.039109 0.017186    0.9960    2000
  HOOD       TC-Diff - NW     MMD2 -0.003334 0.003074    0.8695    2000
  HOOD       TC-Diff - NW  Frechet -0.295259 0.139600    0.9905    2000
  HOOD       TC-Diff - NW   Energy -0.018756 0.012280    0.9490    2000
  HOOD       TC-Diff - NW CorrDist  0.042486 0.276107    0.4515    2000
  HOOD TC-Diff - t-Copula      SWD -0.040600 0.017220    0.9975    2000
  HOOD TC-Diff - t-Copula     MMD2 -0.003578 0.003067    0.8885    2000
  HOOD TC-Diff - t-Copula  Frechet -0.284369 0.131639    0.9935    2000
  HOOD TC-Diff - t-Copula   Energy -0.019976 0.012391    0.9625    2000
  HOOD TC-Diff - t-Copula CorrDist  0.035946 0.283387    0.4605    2000
  MSFT       TC-Diff - NW      SWD -0.015841 0.027055    0.7125    2000
  MSFT       TC-Diff - NW     MMD2 -0.001126 0.003611    0.6175    2000
  MSFT       TC-Diff - NW  Frechet -0.236778 0.193520    0.9040    2000
  MSFT       TC-Diff - NW   Energy -0.005860 0.020743    0.6110    2000
  MSFT       TC-Diff - NW CorrDist -0.235266 0.420590    0.7245    2000
  MSFT TC-Diff - t-Copula      SWD -0.013662 0.029060    0.6690    2000
  MSFT TC-Diff - t-Copula     MMD2 -0.000348 0.003754    0.5230    2000
  MSFT TC-Diff - t-Copula  Frechet -0.141428 0.187658    0.7845    2000
  MSFT TC-Diff - t-Copula   Energy -0.003042 0.022779    0.5460    2000
  MSFT TC-Diff - t-Copula CorrDist -0.242177 0.403881    0.7325    2000
  GOOG       TC-Diff - NW      SWD -0.002265 0.026758    0.5275    2000
  GOOG       TC-Diff - NW     MMD2  0.002757 0.004454    0.2555    2000
  GOOG       TC-Diff - NW  Frechet -0.172181 0.224391    0.7975    2000
  GOOG       TC-Diff - NW   Energy  0.001563 0.023107    0.4620    2000
  GOOG       TC-Diff - NW CorrDist  0.177805 0.422857    0.3350    2000
  GOOG TC-Diff - t-Copula      SWD -0.005666 0.025675    0.5835    2000
  GOOG TC-Diff - t-Copula     MMD2  0.001815 0.004292    0.3210    2000
  GOOG TC-Diff - t-Copula  Frechet -0.058262 0.216508    0.6430    2000
  GOOG TC-Diff - t-Copula   Energy -0.000701 0.021647    0.5035    2000
  GOOG TC-Diff - t-Copula CorrDist  0.249834 0.401361    0.2735    2000
  AMZN       TC-Diff - NW      SWD  0.001045 0.021135    0.4890    2000
  AMZN       TC-Diff - NW     MMD2  0.002154 0.004004    0.2825    2000
  AMZN       TC-Diff - NW  Frechet -0.076530 0.172762    0.7325    2000
  AMZN       TC-Diff - NW   Energy  0.001412 0.017044    0.4535    2000
  AMZN       TC-Diff - NW CorrDist -0.054842 0.305464    0.5525    2000
  AMZN TC-Diff - t-Copula      SWD  0.002532 0.021348    0.4475    2000
  AMZN TC-Diff - t-Copula     MMD2  0.002966 0.003869    0.2070    2000
  AMZN TC-Diff - t-Copula  Frechet  0.023510 0.176392    0.4670    2000
  AMZN TC-Diff - t-Copula   Energy  0.003957 0.016591    0.3875    2000
  AMZN TC-Diff - t-Copula CorrDist  0.015705 0.309517    0.4795    2000
  META       TC-Diff - NW      SWD -0.005519 0.025794    0.5565    2000
  META       TC-Diff - NW     MMD2  0.003635 0.004737    0.2110    2000
  META       TC-Diff - NW  Frechet -0.096998 0.254739    0.6400    2000
  META       TC-Diff - NW   Energy -0.000900 0.022612    0.4650    2000
  META       TC-Diff - NW CorrDist -0.014077 0.323675    0.4910    2000
  META TC-Diff - t-Copula      SWD  0.000308 0.023983    0.4750    2000
  META TC-Diff - t-Copula     MMD2  0.004076 0.004436    0.1655    2000
  META TC-Diff - t-Copula  Frechet  0.015234 0.249100    0.4375    2000
  META TC-Diff - t-Copula   Energy  0.005417 0.020467    0.3480    2000
  META TC-Diff - t-Copula CorrDist -0.068576 0.349806    0.5550    2000

===== [4/6] risk analysis (n_samples=128, bw_scale=3.0, var_scale_mode=auto) =====
Device: cuda
Tickers: ['MU', 'PLTR', 'HOOD', 'MSFT', 'GOOG', 'AMZN', 'META'] | test days/ticker: [200, 200, 200, 200, 200, 200, 200]
Methods: ['tc_diff', 'solo_nw', 't_copula', 'uncond_hist'] | ensemble size: 128
Training pooled TC-Diff (11000 epochs)...
  epoch   500/11000  loss=0.313812  lr=3.98e-04  4.2 ep/s  ETA 41.7 min
  epoch  1000/11000  loss=0.265479  lr=3.92e-04  4.2 ep/s  ETA 39.7 min
  epoch  1500/11000  loss=0.234317  lr=3.82e-04  4.2 ep/s  ETA 37.7 min
  epoch  2000/11000  loss=0.207147  lr=3.69e-04  4.2 ep/s  ETA 35.8 min
  epoch  2500/11000  loss=0.181633  lr=3.52e-04  4.2 ep/s  ETA 33.8 min
  epoch  3000/11000  loss=0.171596  lr=3.33e-04  4.2 ep/s  ETA 31.8 min
  epoch  3500/11000  loss=0.162613  lr=3.10e-04  4.2 ep/s  ETA 29.8 min
  epoch  4000/11000  loss=0.153235  lr=2.86e-04  4.2 ep/s  ETA 27.9 min
  epoch  4500/11000  loss=0.150620  lr=2.60e-04  4.2 ep/s  ETA 25.8 min
  epoch  5000/11000  loss=0.140868  lr=2.33e-04  4.2 ep/s  ETA 23.8 min
  epoch  5500/11000  loss=0.141103  lr=2.05e-04  4.2 ep/s  ETA 21.8 min
  epoch  6000/11000  loss=0.129823  lr=1.77e-04  4.2 ep/s  ETA 19.9 min
  epoch  6500/11000  loss=0.129099  lr=1.50e-04  4.2 ep/s  ETA 17.9 min
  epoch  7000/11000  loss=0.127583  lr=1.24e-04  4.2 ep/s  ETA 15.9 min
  epoch  7500/11000  loss=0.128754  lr=9.96e-05  4.2 ep/s  ETA 13.9 min
  epoch  8000/11000  loss=0.128523  lr=7.73e-05  4.2 ep/s  ETA 11.9 min
  epoch  8500/11000  loss=0.121794  lr=5.76e-05  4.2 ep/s  ETA 9.9 min
  epoch  9000/11000  loss=0.123233  lr=4.10e-05  4.2 ep/s  ETA 7.9 min
  epoch  9500/11000  loss=0.119295  lr=2.76e-05  4.2 ep/s  ETA 6.0 min
  epoch 10000/11000  loss=0.119311  lr=1.79e-05  4.2 ep/s  ETA 4.0 min
  epoch 10500/11000  loss=0.123270  lr=1.20e-05  4.2 ep/s  ETA 2.0 min
  epoch 11000/11000  loss=0.122000  lr=1.00e-05  4.2 ep/s  ETA 0.0 min
Estimating auto var-scales on train (<= 1000 rows/ticker)...

Var-scale mode: auto | applied factors: {'tc_diff': 4.095, 'solo_nw': 8.0, 't_copula': 8.0, 'uncond_hist': 1.162}

[MU] drawing ensembles (128/day x 200 days)...
[MU] done in 0.5 min

[PLTR] drawing ensembles (128/day x 200 days)...
[PLTR] done in 0.5 min

[HOOD] drawing ensembles (128/day x 200 days)...
[HOOD] done in 0.5 min

[MSFT] drawing ensembles (128/day x 200 days)...
[MSFT] done in 0.5 min

[GOOG] drawing ensembles (128/day x 200 days)...
[GOOG] done in 0.5 min

[AMZN] drawing ensembles (128/day x 200 days)...
[AMZN] done in 0.5 min

[META] drawing ensembles (128/day x 200 days)...
[META] done in 0.5 min

========================================================================================
VaR COVERAGE, POOLED ACROSS TICKERS+FACTORS (empirical violation rate vs nominal)
========================================================================================
tail          lower                   upper                
alpha          0.01    0.05    0.10    0.01    0.05    0.10
method                                                     
solo_nw      0.0231  0.0409  0.0614  0.0175  0.0383  0.0596
t_copula     0.0254  0.0417  0.0602  0.0197  0.0377  0.0586
tc_diff      0.0163  0.0483  0.0872  0.0278  0.0662  0.1087
uncond_hist  0.0036  0.0169  0.0432  0.0029  0.0203  0.0504

EXPECTED SHORTFALL on violation days (realized vs model, 5% lower tail):
             realized_es  model_es  n_viol
method                                    
solo_nw           -0.689    -0.035   458.0
t_copula          -0.654    -1.416   467.0
tc_diff           -1.169    -1.122   541.0
uncond_hist       -2.480    -2.444   189.0

Mean-reversion strategy, pooled across tickers x factors:
     method  tau  n_signals  hit_rate  mean_pnl  model_dir_acc
    solo_nw 0.80     2419.0  0.619678  0.230947       0.613477
    solo_nw 0.90     1319.0  0.619409  0.245553       0.603487
    solo_nw 0.95      824.0  0.631068  0.274103       0.608010
   t_copula 0.80     2404.0  0.617304  0.226695       0.608569
   t_copula 0.90     1296.0  0.631173  0.248103       0.610340
   t_copula 0.95      818.0  0.624694  0.256097       0.614914
    tc_diff 0.80     4084.0  0.703722  0.398916       0.665034
    tc_diff 0.90     2077.0  0.733751  0.521052       0.693789
    tc_diff 0.95     1073.0  0.765144  0.654466       0.731594
uncond_hist 0.80     2978.0  0.755205  0.515805       0.486232
uncond_hist 0.90      958.0  0.774530  0.726083       0.487474
uncond_hist 0.95      315.0  0.723810  0.820736       0.453968

Wrote parquets to /workspace/options-diffusion/results/risk. Run scripts/plot_risk_analysis.py for figures.

===== [5/6] figures =====
  wrote /workspace/options-diffusion/results/figures/cross_seed_pooled.png
  wrote 7 per-ticker plots in /workspace/options-diffusion/results/figures
  wrote 7 bootstrap plots in /workspace/options-diffusion/results/figures
wrote figures to /workspace/options-diffusion/results/figures/risk

===== [6/6] VaR-scale diagnostic =====

series: results/risk/series.parquet  |  rows (valid): 44800  |  factor: ALL pooled

==========================================================================================
PER-METHOD DISPERSION  (z-std = std((realized-pred_mean)/spread) = inflation S needed)
==========================================================================================
method       realized_std predmean_std   spread implied_marg   z_std=S
tc_diff             0.813        0.659    0.884        1.253     1.121
solo_nw             0.813        0.549    3.812        4.448     5.155
t_copula            0.813        0.557    3.848        4.494  1263.263
uncond_hist         0.813        0.088    1.099        1.112     0.762

==========================================================================================
VaR COVERAGE vs INFLATION S   (target: lower/upper = nominal alpha)
==========================================================================================

-- tc_diff --   coverage-optimal S = 1.00  (|cov-nom| 0.0106 at S=1  ->  0.0106 at S=1.00)
    S |  L.01  L.05  L.10   U.01  U.05  U.10
 1.00 | 0.016 0.048 0.087  0.028 0.066 0.109  <- optimal
 2.00 | 0.002 0.004 0.012  0.003 0.009 0.022
 3.00 | 0.000 0.001 0.003  0.001 0.002 0.005
 4.00 | 0.000 0.000 0.002  0.000 0.001 0.002
 5.00 | 0.000 0.000 0.001  0.000 0.000 0.001
 6.00 | 0.000 0.000 0.001  0.000 0.000 0.001
 1.00 | 0.016 0.048 0.087  0.028 0.066 0.109  <- optimal
  nom | 0.010 0.050 0.100  0.010 0.050 0.100

-- solo_nw --   coverage-optimal S = 0.50  (|cov-nom| 0.0201 at S=1  ->  0.0137 at S=0.50)
    S |  L.01  L.05  L.10   U.01  U.05  U.10
 1.00 | 0.023 0.041 0.061  0.018 0.038 0.060
 2.00 | 0.020 0.034 0.053  0.015 0.034 0.053
 3.00 | 0.019 0.033 0.051  0.014 0.033 0.052
 4.00 | 0.018 0.032 0.050  0.014 0.032 0.052
 5.00 | 0.018 0.031 0.049  0.013 0.031 0.051
 6.00 | 0.017 0.031 0.048  0.013 0.031 0.051
 0.50 | 0.030 0.053 0.077  0.024 0.051 0.078  <- optimal
  nom | 0.010 0.050 0.100  0.010 0.050 0.100

-- t_copula --   coverage-optimal S = 0.50  (|cov-nom| 0.0212 at S=1  ->  0.0144 at S=0.50)
    S |  L.01  L.05  L.10   U.01  U.05  U.10
 1.00 | 0.025 0.042 0.060  0.020 0.038 0.059
 2.00 | 0.022 0.035 0.053  0.017 0.033 0.051
 3.00 | 0.020 0.033 0.051  0.016 0.032 0.050
 4.00 | 0.019 0.032 0.049  0.015 0.032 0.050
 5.00 | 0.018 0.032 0.048  0.015 0.031 0.049
 6.00 | 0.018 0.030 0.048  0.014 0.031 0.048
 0.50 | 0.032 0.052 0.076  0.026 0.051 0.078  <- optimal
  nom | 0.010 0.050 0.100  0.010 0.050 0.100

-- uncond_hist --   coverage-optimal S = 0.70  (|cov-nom| 0.0304 at S=1  ->  0.0048 at S=0.70)
    S |  L.01  L.05  L.10   U.01  U.05  U.10
 1.00 | 0.004 0.017 0.043  0.003 0.020 0.050
 2.00 | 0.000 0.002 0.006  0.000 0.002 0.005
 3.00 | 0.000 0.001 0.002  0.000 0.001 0.002
 4.00 | 0.000 0.000 0.001  0.000 0.000 0.001
 5.00 | 0.000 0.000 0.000  0.000 0.000 0.000
 6.00 | 0.000 0.000 0.000  0.000 0.000 0.000
 0.70 | 0.012 0.046 0.098  0.014 0.056 0.111  <- optimal
  nom | 0.010 0.050 0.100  0.010 0.050 0.100

Apply consistently (VaR+ES+PIT+mean-reversion) with:
  python scripts/run_risk_analysis.py --var-scale-mode auto
  python scripts/run_risk_analysis.py --var-scale-mode manual --var-scale <S>

Done. Collect: results/experiment, results/bootstrap, results/risk, results/figures
